#-----------------------------------------------------------
# Webtalk v2020.2 (64-bit)
# SW Build 3064766 on Wed Nov 18 09:12:47 MST 2020
# IP Build 3064653 on Wed Nov 18 14:17:31 MST 2020
# Start of session at: Mon Jan 31 17:39:21 2022
# Process ID: 702101
# Current directory: /vol/Workspace/Projects/PL-Mag-Sensor/vivado/PL-Mag-Sensor/PL-Mag-Sensor.sim/sim_1/behav/xsim
# Command line: wbtcv -mode batch -source /vol/Workspace/Projects/PL-Mag-Sensor/vivado/PL-Mag-Sensor/PL-Mag-Sensor.sim/sim_1/behav/xsim/xsim.dir/buffer_controller_behav/webtalk/xsim_webtalk.tcl -notrace
# Log file: /vol/Workspace/Projects/PL-Mag-Sensor/vivado/PL-Mag-Sensor/PL-Mag-Sensor.sim/sim_1/behav/xsim/webtalk.log
# Journal file: /vol/Workspace/Projects/PL-Mag-Sensor/vivado/PL-Mag-Sensor/PL-Mag-Sensor.sim/sim_1/behav/xsim/webtalk.jou
#-----------------------------------------------------------
source /vol/Workspace/Projects/PL-Mag-Sensor/vivado/PL-Mag-Sensor/PL-Mag-Sensor.sim/sim_1/behav/xsim/xsim.dir/buffer_controller_behav/webtalk/xsim_webtalk.tcl -notrace
